../Core/Src/main.c:77:6:HAL_ADC_ConvCpltCallback	16	static
../Core/Src/main.c:93:5:main	8	static
../Core/Src/main.c:145:6:SystemClock_Config	88	static
../Core/Src/main.c:191:13:MX_ADC1_Init	24	static
../Core/Src/main.c:243:13:MX_I2C1_Init	8	static
../Core/Src/main.c:277:13:MX_I2S3_Init	8	static
../Core/Src/main.c:311:13:MX_SPI1_Init	8	static
../Core/Src/main.c:349:13:MX_TIM1_Init	32	static
../Core/Src/main.c:393:13:MX_DMA_Init	16	static
../Core/Src/main.c:411:13:MX_GPIO_Init	56	static
../Core/Src/main.c:506:6:Error_Handler	4	static,ignoring_inline_asm
